Script started on Thu 14 Jan 2021 09:11:02 AM CST
[?1034hbash-4.2$ git status
# On branch main
# Untracked files:
#   (use "git add <file>..." to include in what will be committed)
#
#	git.script
nothing added to commit but untracked files present (use "git add" to track)
bash-4.2$ git add *
bash-4.2$ git status
# On branch main
# Changes to be committed:
#   (use "git reset HEAD <file>..." to unstage)
#
#	new file:   git.script
#
bash-4.2$ git comim[K[Kmit
[?1049h[?1h=[1;24r[?12;25h[?12l[?25h[27m[m[H[2J[?25l[24;1H".git/COMMIT_EDITMSG" 12L, 325C[2;1H# Please enter the commit message for your changes. Lines starting
# with '#' will be ignored, and an empty message aborts the commit.
#
# Committer: Elizabeth A Dayton <ead0044@tux063.eng.auburn.edu>
#
# On branch main
# Changes to be committed:
#   (use "git reset HEAD <file>..." to unstage)
#
#[7Cnew file:   git.script
#
[94m~                                                                               [14;1H~                                                                               [15;1H~                                                                               [16;1H~                                                                               [17;1H~                                                                               [18;1H~                                                                               [19;1H~                                                                               [20;1H~                                                                               [21;1H~                                                                               [22;1H~                                                                               [23;1H~                                                                               [1;1H[?12l[?25h[?25l[m[24;1H[1m-- INSERT --[m[24;13H[K[1;1H[?12l[?25h[?25la[?12l[?25h[?25ld[?12l[?25h[?25ld[?12l[?25h[?25li[?12l[?25h[?25ln[?12l[?25h[?25lg[?12l[?25h[?25l [?12l[?25h[?25lg[?12l[?25h[?25li[?12l[?25h[?25lt[?12l[?25h[?25l.[?12l[?25h[?25ls[?12l[?25h[?25lc[?12l[?25h[?25lr[?12l[?25h[?25li[?12l[?25h[?25lp[?12l[?25h[?25lt[?12l[?25h[?25l [?12l[?25h[?25lt[?12l[?25h[?25l[1;19H[K[1;19H[?12l[?25h[?25lf[?12l[?25h[?25lo[?12l[?25h[?25lr[?12l[?25h[?25l [?12l[?25h[?25lt[?12l[?25h[?25la[?12l[?25h[?25ls[?12l[?25h[?25lk[?12l[?25h[?25l [?12l[?25h[?25l4[?12l[?25h[?25l[1;28H[K[1;28H[?12l[?25h[?25l[?12l[?25h[?25l[1;26H[K[1;26H[?12l[?25h[?25l[1;25H[K[1;25H[?12l[?25h[?25l[1;24H[K[1;24H[?12l[?25h[?25l[1;23H[K[1;23H[?12l[?25h[?25l[?12l[?25h[?25l[1;21H[K[1;21H[?12l[?25h[?25l[1;20H[K[1;20H[?12l[?25h[?25l[1;19H[K[1;19H[?12l[?25h[?25lt[?12l[?25h[?25lo[?12l[?25h[?25l [?12l[?25h[?25ls[?12l[?25h[?25lh[?12l[?25h[?25lo[?12l[?25h[?25lw[?12l[?25h[?25l [?12l[?25h[?25lg[?12l[?25h[?25li[?12l[?25h[?25lt[?12l[?25h[?25l [?12l[?25h[?25lc[?12l[?25h[?25lo[?12l[?25h[?25lm[?12l[?25h[?25lm[?12l[?25h[?25la[?12l[?25h[?25ln[?12l[?25h[?25ld[?12l[?25h[?25ls[?12l[?25h[24;1H[K[1;38H[?25l[?12l[?25h[?25l[24;1H:[?12l[?25hwq[?25l".git/COMMIT_EDITMSG" 12L, 363C written
[?1l>[?12l[?25h[?1049l[main e348b96] adding git.script to show git commands
 Committer: Elizabeth A Dayton <ead0044@tux063.eng.auburn.edu>
Your name and email address were configured automatically based
on your username and hostname. Please check that they are accurate.
You can suppress this message by setting them explicitly:

    git config --global user.name "Your Name"
    git config --global user.email you@example.com

After doing this, you may fix the identity used for this commit with:

    git commit --amend --reset-author

 1 file changed, 0 insertions(+), 0 deletions(-)
 create mode 100644 comp3500/project1/git.script
bash-4.2$ git statu
git: 'statu' is not a git command. See 'git --help'.

Did you mean one of these?
	status
	stage
	stash
bash-4.2$ git sa[Ktatus
# On branch main
# Your branch is ahead of 'origin/main' by 1 commit.
#   (use "git push" to publish your local commits)
#
nothing to commit, working directory clean
bash-4.2$ git push
warning: push.default is unset; its implicit value is changing in
Git 2.0 from 'matching' to 'simple'. To squelch this message
and maintain the current behavior after the default changes, use:

  git config --global push.default matching

To squelch this message and adopt the new behavior now, use:

  git config --global push.default simple

See 'git help config' and search for 'push.default' for further information.
(the 'simple' mode was introduced in Git 1.7.11. Use the similar mode
'current' instead of 'simple' if you sometimes use older versions of Git)

Username for 'https://github.com': eliz9879@icloud.com
Password for 'https://eliz9879@icloud.com@github.com': 
Counting objects: 8, done.
Delta compression using up to 16 threads.
Compressing objects:  33% (1/3)   Compressing objects:  66% (2/3)   Compressing objects: 100% (3/3)   Compressing objects: 100% (3/3), done.
Writing objects:  20% (1/5)   Writing objects:  40% (2/5)   Writing objects:  60% (3/5)   Writing objects:  80% (4/5)   Writing objects: 100% (5/5)   Writing objects: 100% (5/5), 429 bytes | 0 bytes/s, done.
Total 5 (delta 1), reused 0 (delta 0)
remote: Resolving deltas:   0% (0/1)[Kremote: Resolving deltas: 100% (1/1)[Kremote: Resolving deltas: 100% (1/1), completed with 1 local object.[K
To https://github.com/elizabeth-dayton/COMP-3500-Operating-Systems
   ca6e53b..e348b96  main -> main
bash-4.2$ git sat[K[Ktatus
# On branch main
nothing to commit, working directory clean
bash-4.2$ exit
exit

Script done on Thu 14 Jan 2021 09:12:13 AM CST
